// Jest Snapshot v1, https://goo.gl/fbAQLP

exports[`Board matches the deep snapshot 1`] = `
<Board>
  <div />
</Board>
`;

exports[`Board that it matches an existing snapshot 1`] = `<div />`;
